12:15:28 **** Incremental Build of configuration Debug for project SPI_OSC ****
make all 
'Building file: ../src/helloworld.c'
'Invoking: MicroBlaze gcc compiler'
mb-gcc -Wall -O0 -g3 -c -fmessage-length=0 -MT"src/helloworld.o" -I../../SPI_OSC_bsp/microblaze_0/include -mlittle-endian -mcpu=v11.0 -mxl-soft-mul -Wl,--no-relax -ffunction-sections -fdata-sections -MMD -MP -MF"src/helloworld.d" -MT"src/helloworld.o" -o "src/helloworld.o" "../src/helloworld.c"
../src/helloworld.c: In function 'SpiProgramOsc':
../src/helloworld.c:76:6: warning: unused variable 'Count' [-Wunused-variable]
  u32 Count;
      ^~~~~
'Finished building: ../src/helloworld.c'
' '
'Building target: SPI_OSC.elf'
'Invoking: MicroBlaze gcc linker'
mb-gcc -Wl,-T -Wl,../src/lscript.ld -L../../SPI_OSC_bsp/microblaze_0/lib -mlittle-endian -mcpu=v11.0 -mxl-soft-mul -Wl,--no-relax -Wl,--gc-sections -o "SPI_OSC.elf"  ./src/helloworld.o ./src/platform.o   -Wl,--start-group,-lxil,-lgcc,-lc,--end-group
'Finished building target: SPI_OSC.elf'
' '
'Invoking: MicroBlaze Print Size'
mb-size SPI_OSC.elf  |tee "SPI_OSC.elf.size"
   text	   data	    bss	    dec	    hex	filename
   8692	    328	   3212	  12232	   2fc8	SPI_OSC.elf
'Finished building: SPI_OSC.elf.size'
' '

12:15:29 Build Finished (took 1s.492ms)

